// Jest Snapshot v1, https://goo.gl/fbAQLP

exports[`<App /> shallow rendering matches the snapshot 1`] = `
<div>
  <h1
    className="blue"
  >
    Welcome to React
  </h1>
  <h2 />
  <input
    name="text"
    onChange={[Function]}
    type="test"
  />
  <p
    className="button-state"
  >
    No!
  </p>
  <button
    onClick={[Function]}
  />
</div>
`;
